[2026-09-16 23:03:22] USER_REGISTERED | User: U001 | Role: STUDENT | Email: authtest@vityarthi.ac.in (SUCCESS)
[2026-09-16 23:03:22] AUTH_LOGIN_SUCCESS | User: U001 | Logged in as STUDENT (SUCCESS)
[2026-09-16 23:03:22] COURSE_CREATED | User: SYSTEM | Code: CSE9001 | Title: Cloud Computing (SUCCESS)
[2026-09-16 23:03:22] COURSE_ENROLLED | User: U101 | Course: TINY101 | ID: E0001 (SUCCESS)
[2026-09-16 23:03:22] ENROLL_FAILED | User: U102 | Course capacity full: TINY101 (REJECTED)
[2026-09-16 23:03:22] COURSE_ENROLLED | User: U201 | Course: DUP101 | ID: E0001 (SUCCESS)
[2026-09-16 23:03:22] ATTENDANCE_LOGGED | User: U301 | Course: CSE101 | Present: true | Topic: Topic 1 (SUCCESS)
[2026-09-16 23:03:22] ATTENDANCE_LOGGED | User: U301 | Course: CSE101 | Present: false | Topic: Topic 2 (SUCCESS)
[2026-09-16 23:03:22] ATTENDANCE_LOGGED | User: U301 | Course: CSE101 | Present: true | Topic: Topic 3 (SUCCESS)
[2026-09-16 23:03:22] ATTENDANCE_LOGGED | User: U301 | Course: CSE101 | Present: true | Topic: Topic 4 (SUCCESS)
[2026-09-16 23:03:22] ATTENDANCE_LOGGED | User: U401 | Course: CSE200 | Present: true | Topic: T1 (SUCCESS)
[2026-09-16 23:03:22] ATTENDANCE_LOGGED | User: U401 | Course: CSE200 | Present: false | Topic: T2 (SUCCESS)
[2026-09-16 23:03:22] ATTENDANCE_LOGGED | User: U401 | Course: CSE200 | Present: false | Topic: T3 (SUCCESS)
[2026-09-16 23:03:22] ATTENDANCE_CRITICAL_ALERT | User: U401 | Course: CSE200 | Attendance: 50.0% (TRIGGERED)
[2026-09-16 23:03:22] ATTENDANCE_LOGGED | User: U401 | Course: CSE200 | Present: true | Topic: T4 (SUCCESS)
[2026-09-16 23:03:22] COURSE_ENROLLED | User: U601 | Course: DROP101 | ID: E0001 (SUCCESS)
[2026-09-16 23:03:22] COURSE_DROPPED | User: U601 | Course: DROP101 (SUCCESS)
[2026-09-16 23:03:22] TEST_ACTION | User: TEST_USER | Sample audit record (OK)
[2026-09-16 23:03:22] ATTENDANCE_LOGGED | User: U701 | Course: RISK101 | Present: true | Topic: T1 (SUCCESS)
[2026-09-16 23:03:22] ATTENDANCE_LOGGED | User: U701 | Course: RISK101 | Present: false | Topic: T2 (SUCCESS)
[2026-09-16 23:03:22] ATTENDANCE_LOGGED | User: U701 | Course: RISK101 | Present: false | Topic: T3 (SUCCESS)
[2026-09-16 23:03:22] ATTENDANCE_LOGGED | User: U701 | Course: RISK101 | Present: false | Topic: T4 (SUCCESS)
[2026-09-16 23:04:40] COURSE_ENROLLED | User: U005 | Course: CSE2002 | ID: E0005 (SUCCESS)
[2026-09-16 23:04:40] ATTENDANCE_CRITICAL_ALERT | User: U005 | Course: CSE2001 | Attendance: 66.7% (TRIGGERED)
[2026-09-16 23:04:40] ATTENDANCE_LOGGED | User: U005 | Course: CSE2001 | Present: false | Topic: Abstract Classes (SUCCESS)
[2026-09-16 23:04:40] ATTENDANCE_CRITICAL_ALERT | User: U005 | Course: CSE2001 | Attendance: 57.1% (TRIGGERED)
[2026-09-16 23:04:40] ATTENDANCE_LOGGED | User: U005 | Course: CSE2001 | Present: false | Topic: Interfaces & Polymorphism (SUCCESS)
[2026-09-16 23:04:40] ATTENDANCE_CRITICAL_ALERT | User: U005 | Course: CSE2001 | Attendance: 50.0% (TRIGGERED)
[2026-09-16 23:04:40] ATTENDANCE_LOGGED | User: U005 | Course: CSE2001 | Present: false | Topic: Generics (SUCCESS)
[2026-09-16 23:04:40] ATTENDANCE_CRITICAL_ALERT | User: U005 | Course: CSE2001 | Attendance: 55.6% (TRIGGERED)
[2026-09-16 23:04:40] ATTENDANCE_LOGGED | User: U005 | Course: CSE2001 | Present: true | Topic: Java Streams (SUCCESS)
[2026-09-16 23:04:40] GRADE_RECORDED | User: FACULTY | Enrollment: E001 | Score: 96.0 | Grade: S (SUCCESS)
